// Jest Snapshot v1, https://goo.gl/fbAQLP

exports[`Math add: snap 1 1`] = `6`;
